[www.sitepoint.com/how-i-became-a-web-designer-and-why-im-successful-now/index.html]
[backblue.gif]
[fade.gif]
[index.html]
[quantcast.mgr.consensu.org/cmp.js]
[www.sitepoint.com/icons/icon-48x481fc4.png]
[www.sitepoint.com/icons/icon-72x721fc4.png]
[www.sitepoint.com/icons/icon-96x961fc4.png]
[www.sitepoint.com/icons/icon-144x1441fc4.png]
[www.sitepoint.com/icons/icon-192x1921fc4.png]
[www.sitepoint.com/icons/icon-256x2561fc4.png]
[www.sitepoint.com/icons/icon-384x3841fc4.png]
[www.sitepoint.com/icons/icon-512x5121fc4.png]
[www.sitepoint.com/f5827caf6186e5c689d2efec58e563be7dc9b201-bbb63ee514945e8d2aa4.js]
[www.sitepoint.com/framework-e70cdacaba893b4d7727.js]
[www.sitepoint.com/component---src-templates-post-post-js-b671dd100a5d42351d71.js]
[www.sitepoint.com/app-532a94bd20cb22242f40.js]
[www.sitepoint.com/2f65259b2cfe4675599fed9cf756f67879aa3179-ff3970ca26df2d903e60.js]
[www.sitepoint.com/a9a7754c-af332f070836f35a283d.js]
[www.sitepoint.com/ec1189df-0fa34f9c7c4814c5cf93.js]
[www.sitepoint.com/webpack-runtime-bd25856cde0959fc6148.js]
[d2sis3lil8ndrq.cloudfront.net/books/4c7f6303-60e8-45dc-a95b-aae08a4f32a3.png]
[dab1nmslvvntp.cloudfront.net/wp-content/uploads/2012/03/badwebdesign.jpg]
[dab1nmslvvntp.cloudfront.net/wp-content/uploads/2012/03/suddenrealsation.jpg]
[dab1nmslvvntp.cloudfront.net/wp-content/uploads/2012/03/trends.jpg]
[dab1nmslvvntp.cloudfront.net/wp-content/uploads/2012/03/uniquesellingpoint.jpg]
[dab1nmslvvntp.cloudfront.net/wp-content/uploads/2012/03/overdeliver.jpg]
[dab1nmslvvntp.cloudfront.net/wp-content/uploads/2012/03/success.jpg]
[d2sis3lil8ndrq.cloudfront.net/books/d64f92dc-5560-4a30-8ae0-07ebb475a4e1_medium.png]
[d2sis3lil8ndrq.cloudfront.net/books/07bd682b-6f93-462b-a1fb-b5e5f77eb696_medium.png]
[d2sis3lil8ndrq.cloudfront.net/books/79dfd065-842d-46cb-ae1b-bec2322bbd02_medium.png]
[d2sis3lil8ndrq.cloudfront.net/books/ca8e7cc0-370b-4af2-b973-97955befbeb7_medium.png]
[d2sis3lil8ndrq.cloudfront.net/books/788aa26e-18e5-409c-977e-d7a6f865e47e_medium.png]
[www.google.com/recaptcha/apidc35.js]
[www.sitepoint.com/how-i-became-a-web-designer-and-why-im-successful-now/index.html]
[www.sitepoint.com/adsba4b.js]
[www.googletagmanager.com/gtm5445.html]
[www.sitepoint.com/static/09bb0d89b6a4ad96286ab24e528e5a5e/9dc27/paid-banners-Q1-affiliate-300x250-usd.jpg]
[www.sitepoint.com/f5827caf6186e5c689d2efec58e563be7dc9b201-bbb63ee514945e8d2aa4.js]
[www.sitepoint.com/how-i-became-a-web-designer-and-why-im-successful-now/Trident/index.html]
[www.sitepoint.com/how-i-became-a-web-designer-and-why-im-successful-now/oCl/index.html]
[www.sitepoint.com/framework-e70cdacaba893b4d7727.js]
[www.sitepoint.com/how-i-became-a-web-designer-and-why-im-successful-now/UNi/index.html]
[www.sitepoint.com/how-i-became-a-web-designer-and-why-im-successful-now/otv/index.html]
[www.sitepoint.com/how-i-became-a-web-designer-and-why-im-successful-now/HAE/index.html]
[www.sitepoint.com/how-i-became-a-web-designer-and-why-im-successful-now/$&/index.html]
[pagead2.googlesyndication.com/pagead/js/f.txt]
[www.sitepoint.com/component---src-templates-post-post-js-b671dd100a5d42351d71.js]
[www.sitepoint.com/how-i-became-a-web-designer-and-why-im-successful-now/k4T/index.html]
[www.sitepoint.com/how-i-became-a-web-designer-and-why-im-successful-now/85O/index.html]
[www.sitepoint.com/how-i-became-a-web-designer-and-why-im-successful-now/o.22.delayed]
[www.sitepoint.com/how-i-became-a-web-designer-and-why-im-successful-now/9Xx/index.html]
[www.sitepoint.com/how-i-became-a-web-designer-and-why-im-successful-now/RjD/index.html]
[www.sitepoint.com/how-i-became-a-web-designer-and-why-im-successful-now/S/j/index.html]
[www.sitepoint.com/sw.23.delayed]
[www.sitepoint.com/how-i-became-a-web-designer-and-why-im-successful-now/8+s/index.html]
[www.sitepoint.com/how-i-became-a-web-designer-and-why-im-successful-now/hFT/index.html]
[www.sitepoint.com/how-i-became-a-web-designer-and-why-im-successful-now/GET.24.delayed]
[www.sitepoint.com/app-532a94bd20cb22242f40.js]
[www.sitepoint.com/2f65259b2cfe4675599fed9cf756f67879aa3179-ff3970ca26df2d903e60.js]
[www.sitepoint.com/a9a7754c-af332f070836f35a283d.js]
[www.sitepoint.com/ec1189df-0fa34f9c7c4814c5cf93.js]
[www.sitepoint.com/webpack-runtime-bd25856cde0959fc6148.js]
[www.sitepoint.com/how-i-became-a-web-designer-and-why-im-successful-now/HAE/index.html]
[www.sitepoint.com/how-i-became-a-web-designer-and-why-im-successful-now/Trident/index.html]
[www.sitepoint.com/how-i-became-a-web-designer-and-why-im-successful-now/oCl/index.html]
[www.sitepoint.com/how-i-became-a-web-designer-and-why-im-successful-now/UNi/index.html]
[www.sitepoint.com/how-i-became-a-web-designer-and-why-im-successful-now/otv/index.html]
[www.sitepoint.com/how-i-became-a-web-designer-and-why-im-successful-now/$&/index.html]
[www.sitepoint.com/how-i-became-a-web-designer-and-why-im-successful-now/k4T/index.html]
[www.sitepoint.com/how-i-became-a-web-designer-and-why-im-successful-now/85O/index.html]
[www.sitepoint.com/how-i-became-a-web-designer-and-why-im-successful-now/9Xx/index.html]
[www.sitepoint.com/how-i-became-a-web-designer-and-why-im-successful-now/RjD/index.html]
[www.sitepoint.com/how-i-became-a-web-designer-and-why-im-successful-now/o.html]
[www.sitepoint.com/how-i-became-a-web-designer-and-why-im-successful-now/S/j/index.html]
[www.sitepoint.com/sw.html]
[www.sitepoint.com/SS/index.html]
[www.sitepoint.com/SS/index.html]
[www.sitepoint.com/how-i-became-a-web-designer-and-why-im-successful-now/8+s/index.html]
[www.sitepoint.com/how-i-became-a-web-designer-and-why-im-successful-now/hFT/index.html]
[www.sitepoint.com/how-i-became-a-web-designer-and-why-im-successful-now/GET.html]
